10:27:15 **** Incremental Build of configuration Debug for project ess_skeleton ****
make -j7 all 
arm-none-eabi-size   ess_skeleton.elf 
   text	   data	    bss	    dec	    hex	filename
   6016	     20	   1572	   7608	   1db8	ess_skeleton.elf
Finished building: default.size.stdout
 
10:27:47 **** Incremental Build of configuration Debug for project ess_skeleton ****
make -j7 all 
arm-none-eabi-size   ess_skeleton.elf 
   text	   data	    bss	    dec	    hex	filename
   6016	     20	   1572	   7608	   1db8	ess_skeleton.elf
Finished building: default.size.stdout
 
