09:24:34 **** Incremental Build of configuration Debug for project ess_skeleton ****
make -j7 all 
arm-none-eabi-gcc "../Core/Src/main.c" -mcpu=cortex-m4 -std=gnu11 -g3 -DDEBUG -DUSE_HAL_DRIVER -DSTM32F407xx -c -I../USB_HOST/App -I../USB_HOST/Target -I../Core/Inc -I../Drivers/STM32F4xx_HAL_Driver/Inc -I../Drivers/STM32F4xx_HAL_Driver/Inc/Legacy -I../Middlewares/ST/STM32_USB_Host_Library/Core/Inc -I../Middlewares/ST/STM32_USB_Host_Library/Class/CDC/Inc -I../Drivers/CMSIS/Device/ST/STM32F4xx/Include -I../Drivers/CMSIS/Include -O0 -ffunction-sections -fdata-sections -Wall -fstack-usage -MMD -MP -MF"Core/Src/main.d" -MT"Core/Src/main.o" --specs=nano.specs -mfpu=fpv4-sp-d16 -mfloat-abi=hard -mthumb -o "Core/Src/main.o"
../Core/Src/main.c: In function 'led_green_init':
../Core/Src/main.c:14:25: warning: statement with no effect [-Wunused-value]
   14 |  *(uint32_t*)0x40020C14 & 0x1000;
      |  ~~~~~~~~~~~~~~~~~~~~~~~^~~~~~~~
../Core/Src/main.c: In function 'led_green_on':
../Core/Src/main.c:17:25: warning: statement with no effect [-Wunused-value]
   17 |  *(uint32_t*)0x40020C14 | 0x1000;
      |  ~~~~~~~~~~~~~~~~~~~~~~~^~~~~~~~
../Core/Src/main.c: In function 'led_green_off':
../Core/Src/main.c:20:25: warning: statement with no effect [-Wunused-value]
   20 |  *(uint32_t*)0x40020C14 & 0x1000;
      |  ~~~~~~~~~~~~~~~~~~~~~~~^~~~~~~~
arm-none-eabi-gcc -o "ess_skeleton.elf" @"objects.list"   -mcpu=cortex-m4 -T"/Users/ess04/oxford_embedded_software_systems/ESS/ess_skeleton/STM32F407VGTX_FLASH.ld" --specs=nosys.specs -Wl,-Map="ess_skeleton.map" -Wl,--gc-sections -static --specs=nano.specs -mfpu=fpv4-sp-d16 -mfloat-abi=hard -mthumb -Wl,--start-group -lc -lm -Wl,--end-group
Finished building target: ess_skeleton.elf
 
arm-none-eabi-size   ess_skeleton.elf 
arm-none-eabi-objdump -h -S  ess_skeleton.elf  > "ess_skeleton.list"
   text	   data	    bss	    dec	    hex	filename
   5776	     20	   1572	   7368	   1cc8	ess_skeleton.elf
Finished building: default.size.stdout
 
Finished building: ess_skeleton.list
 
