../Drivers/CMSIS/Include/core_cm4.h:2064:26:ITM_SendChar	16	static,ignoring_inline_asm
../Core/Src/main.c:7:5:_write	32	static
../Core/Src/main.c:15:6:lab1	40	static
../Core/Src/main.c:60:6:brightness	24	static
../Core/Src/main.c:71:6:brightness_smooth	32	static
../Core/Src/main.c:89:6:brightness_switch	32	static
../Core/Src/main.c:109:6:lab2	40	static
../Core/Src/main.c:133:6:lab3	40	static
../Core/Src/main.c:173:6:TMR4_Init	16	static
../Core/Src/main.c:196:6:TMR4_WaitForExpiry	4	static
../Core/Src/main.c:204:6:lab4	4	static
../Core/Src/main.c:208:5:main	8	static
